com/avaliacao/iss/config/ResourceServerConfig.class
com/avaliacao/iss/controller/PessoaTelefoneController.class
com/avaliacao/iss/model/PessoaEndereco.class
com/avaliacao/iss/config/WebSecurityConfigAdapter.class
com/avaliacao/iss/exception/ResourceInternalServerErrorException.class
com/avaliacao/iss/repository/PessoaTelefoneRepository.class
com/avaliacao/iss/config/AuthorizationServerConfig.class
com/avaliacao/iss/model/PessoaTelefone.class
com/avaliacao/iss/IssApplication.class
com/avaliacao/iss/model/Usuario.class
com/avaliacao/iss/controller/PessoaController.class
com/avaliacao/iss/repository/PessoaEnderecoRepository.class
com/avaliacao/iss/repository/PessoaRepository.class
com/avaliacao/iss/controller/UsuarioController.class
com/avaliacao/iss/model/Pessoa.class
com/avaliacao/iss/controller/PessoaEnderecoController.class
com/avaliacao/iss/dto/UsuarioCustomDTO.class
com/avaliacao/iss/repository/UsuarioRepository.class
com/avaliacao/iss/exception/ResourceNotFoundException.class
com/avaliacao/iss/model/Auditoria.class
com/avaliacao/iss/config/CorsFilter.class
